18:04:57 **** Build of configuration Debug for project TrafficLightControllerUsingGpio ****
make -j11 all 
arm-none-eabi-gcc "../Src/main.c" -mcpu=cortex-m4 -std=gnu11 -g3 -DDEBUG -DSTM32 -DSTM32F4 -DSTM32F446RETx -DNUCLEO_F446RE -DSTM32F446xx -c -I../Inc -I/Users/gudise/STM32CubeIDE/workspace_1.18.1/commom_gpio_driver/Microcontroller_Peripherals/Test_board/Chip_headers/CMSIS/Device/ST/STM32F4xx/Include -I/Users/gudise/STM32CubeIDE/workspace_1.18.1/commom_gpio_driver/Microcontroller_Peripherals/Test_board/Chip_headers/CMSIS/Include -O0 -ffunction-sections -fdata-sections -Wall -fstack-usage -fcyclomatic-complexity -MMD -MP -MF"Src/main.d" -MT"Src/main.o" --specs=nano.specs -mfpu=fpv4-sp-d16 -mfloat-abi=hard -mthumb -o "Src/main.o"
arm-none-eabi-gcc -o "TrafficLightControllerUsingGpio.elf" @"objects.list"   -mcpu=cortex-m4 -T"/Users/gudise/STM32CubeIDE/workspace_1.18.1/commom_gpio_driver/Microcontroller_Peripherals/TrafficLightControllerUsingGpio/STM32F446RETX_FLASH.ld" --specs=nosys.specs -Wl,-Map="TrafficLightControllerUsingGpio.map" -Wl,--gc-sections -static --specs=nano.specs -mfpu=fpv4-sp-d16 -mfloat-abi=hard -mthumb -Wl,--start-group -lc -lm -Wl,--end-group
Finished building target: TrafficLightControllerUsingGpio.elf
 
arm-none-eabi-size  TrafficLightControllerUsingGpio.elf 
arm-none-eabi-objdump -h -S TrafficLightControllerUsingGpio.elf  > "TrafficLightControllerUsingGpio.list"
   text	   data	    bss	    dec	    hex	filename
   1292	      0	   1568	   2860	    b2c	TrafficLightControllerUsingGpio.elf
Finished building: default.size.stdout
 
Finished building: TrafficLightControllerUsingGpio.list
 
18:05:31 **** Incremental Build of configuration Debug for project TrafficLightControllerUsingGpio ****
make -j11 all 
arm-none-eabi-size  TrafficLightControllerUsingGpio.elf 
   text	   data	    bss	    dec	    hex	filename
   1292	      0	   1568	   2860	    b2c	TrafficLightControllerUsingGpio.elf
Finished building: default.size.stdout
 
